******************************************************************************
                  TI ARM Linker PC v18.12.4                    
******************************************************************************
>> Linked Mon Apr 26 12:42:11 2021

OUTPUT FILE NAME:   <Uart_test.out>
ENTRY POINT SYMBOL: "_c_int00_noargs"  address: 00000ec1


MEMORY CONFIGURATION

         name            origin    length      used     unused   attr    fill
----------------------  --------  ---------  --------  --------  ----  --------
  FLASH                 00000000   00040000  000011a0  0003ee60  R  X
  SRAM                  20000000   00008000  0000020d  00007df3  RW X


SEGMENT ALLOCATION MAP

run origin  load origin   length   init length attrs members
----------  ----------- ---------- ----------- ----- -------
00000000    00000000    000011a0   000011a0    r-x
  00000000    00000000    0000026c   0000026c    r-- .intvecs
  0000026c    0000026c    00000dc4   00000dc4    r-x .text
  00001030    00001030    00000140   00000140    r-- .const
  00001170    00001170    00000030   00000030    r-- .cinit
20000000    20000000    0000020d   00000000    rw-
  20000000    20000000    00000200   00000000    rw- .stack
  20000200    20000200    00000008   00000000    rw- .bss
  20000208    20000208    00000005   00000000    rw- .data


SECTION ALLOCATION MAP

 output                                  attributes/
section   page    origin      length       input sections
--------  ----  ----------  ----------   ----------------
.intvecs   0    00000000    0000026c     
                  00000000    0000026c     tm4c1230h6pm_startup_ccs.obj (.intvecs)

.text      0    0000026c    00000dc4     
                  0000026c    000005ec     main.obj (.text)
                  00000858    0000016c     driverlib.lib : gpio.obj (.text:GPIOPadConfigSet)
                  000009c4    00000118                   : sysctl.obj (.text:SysCtlClockGet)
                  00000adc    000000f4                   : sysctl.obj (.text:SysCtlClockSet)
                  00000bd0    0000009c     rtsv7M4_T_le_v4SPD16_eabi.lib : memcpy_t2.asm.obj (.text)
                  00000c6c    00000068     driverlib.lib : interrupt.obj (.text:IntEnable)
                  00000cd4    00000068     rtsv7M4_T_le_v4SPD16_eabi.lib : copy_decompress_lzss.c.obj (.text:decompress:lzss:__TI_decompress_lzss)
                  00000d3c    0000004c     driverlib.lib : gpio.obj (.text:GPIOPinConfigure)
                  00000d88    00000046                   : uart.obj (.text:UARTConfigSetExpClk)
                  00000dce    00000002     rtsv7M4_T_le_v4SPD16_eabi.lib : div0.asm.obj (.text)
                  00000dd0    00000044                                   : autoinit.c.obj (.text:__TI_auto_init_nobinit_nopinit:__TI_auto_init_nobinit_nopinit)
                  00000e14    00000040                                   : u_divt2.asm.obj (.text)
                  00000e54    00000038     driverlib.lib : sysctl.obj (.text:SysCtlPeripheralPresent)
                  00000e8c    00000034                   : sysctl.obj (.text:SysCtlPeripheralEnable)
                  00000ec0    00000034     rtsv7M4_T_le_v4SPD16_eabi.lib : boot_cortex_m.c.obj (.text:_c_int00_noargs:_c_int00_noargs)
                  00000ef4    0000002c     driverlib.lib : gpio.obj (.text:GPIODirModeSet)
                  00000f20    00000020                   : uart.obj (.text:UARTDisable)
                  00000f40    0000001c     rtsv7M4_T_le_v4SPD16_eabi.lib : copy_zero_init.c.obj (.text:decompress:ZI:__TI_zero_init_nomemset:__TI_zero_init_nomemset)
                  00000f5c    0000001a     driverlib.lib : gpio.obj (.text:GPIOPinTypeGPIOOutput)
                  00000f76    00000016                   : gpio.obj (.text:GPIOPinTypeUART)
                  00000f8c    00000014                   : uart.obj (.text:UARTEnable)
                  00000fa0    00000010                   : interrupt.obj (.text:IntMasterEnable)
                  00000fb0    0000000e                   : uart.obj (.text:UARTCharGetNonBlocking)
                  00000fbe    0000000e                   : uart.obj (.text:UARTCharsAvail)
                  00000fcc    0000000e     rtsv7M4_T_le_v4SPD16_eabi.lib : copy_decompress_none.c.obj (.text:decompress:none:__TI_decompress_none)
                  00000fda    0000000c     driverlib.lib : cpu.obj (.text:CPUcpsie)
                  00000fe6    0000000c     tm4c1230h6pm_startup_ccs.obj (.text)
                  00000ff2    0000000a     driverlib.lib : uart.obj (.text:UARTCharGet)
                  00000ffc    0000000a                   : uart.obj (.text:UARTCharPut)
                  00001006    0000000a                   : uart.obj (.text:UARTIntStatus)
                  00001010    00000008                   : uart.obj (.text:UARTIntEnable)
                  00001018    00000006                   : gpio.obj (.text:GPIOPinWrite)
                  0000101e    00000006                   : sysctl.obj (.text:SysCtlDelay)
                  00001024    00000004                   : uart.obj (.text:UARTIntClear)
                  00001028    00000004     rtsv7M4_T_le_v4SPD16_eabi.lib : pre_init.c.obj (.text:_system_pre_init)
                  0000102c    00000004                                   : exit.c.obj (.text:abort:abort)

.const     0    00001030    00000140     
                  00001030    00000090     driverlib.lib : gpio.obj (.const:g_pui32GPIOBaseAddrs)
                  000010c0    0000006c                   : sysctl.obj (.const:g_pui32Xtals)
                  0000112c    00000014                   : interrupt.obj (.const:g_pui32EnRegs)
                  00001140    00000012     main.obj (.const:.string)
                  00001152    00000002     --HOLE-- [fill = 0]
                  00001154    0000000c     main.obj (.const:g_ui32UARTBase)
                  00001160    0000000c     main.obj (.const:g_ui32UARTPeriph)
                  0000116c    00000004     main.obj (.const)

.cinit     0    00001170    00000030     
                  00001170    0000000c     (__TI_handler_table)
                  0000117c    00000004     --HOLE-- [fill = 0]
                  00001180    00000008     (.cinit..bss.load) [load image, compression = zero_init]
                  00001188    00000007     (.cinit..data.load) [load image, compression = lzss]
                  0000118f    00000001     --HOLE-- [fill = 0]
                  00001190    00000010     (__TI_cinit_table)

.init_array 
*          0    00000000    00000000     UNINITIALIZED

.bss       0    20000200    00000008     UNINITIALIZED
                  20000200    00000004     (.common:cnt)
                  20000204    00000004     (.common:str)

.data      0    20000208    00000005     UNINITIALIZED
                  20000208    00000005     main.obj (.data)

.stack     0    20000000    00000200     UNINITIALIZED
                  20000000    00000004     rtsv7M4_T_le_v4SPD16_eabi.lib : boot_cortex_m.c.obj (.stack)
                  20000004    000001fc     --HOLE--

MODULE SUMMARY

       Module                         code   ro data   rw data
       ------                         ----   -------   -------
    .\
       main.obj                       1516   46        13     
       tm4c1230h6pm_startup_ccs.obj   12     620       0      
    +--+------------------------------+------+---------+---------+
       Total:                         1528   666       13     
                                                              
    C:/ti/TivaWare_C_Series-2.2.0.295/driverlib/ccs/Debug/driverlib.lib
       sysctl.obj                     638    108       0      
       gpio.obj                       538    144       0      
       uart.obj                       192    0         0      
       interrupt.obj                  120    20        0      
       cpu.obj                        12     0         0      
    +--+------------------------------+------+---------+---------+
       Total:                         1500   272       0      
                                                              
    C:\ti\ccs930\ccs\tools\compiler\ti-cgt-arm_18.12.4.LTS\lib\rtsv7M4_T_le_v4SPD16_eabi.lib
       memcpy_t2.asm.obj              156    0         0      
       copy_decompress_lzss.c.obj     104    0         0      
       autoinit.c.obj                 68     0         0      
       u_divt2.asm.obj                64     0         0      
       boot_cortex_m.c.obj            52     0         0      
       copy_zero_init.c.obj           28     0         0      
       copy_decompress_none.c.obj     14     0         0      
       exit.c.obj                     4      0         0      
       pre_init.c.obj                 4      0         0      
       div0.asm.obj                   2      0         0      
    +--+------------------------------+------+---------+---------+
       Total:                         496    0         0      
                                                              
       Stack:                         0      0         512    
       Linker Generated:              0      43        0      
    +--+------------------------------+------+---------+---------+
       Grand Total:                   3524   981       525    


LINKER GENERATED COPY TABLES

__TI_cinit_table @ 00001190 records: 2, size/record: 8, table size: 16
	.bss: load addr=00001180, load size=00000008 bytes, run addr=20000200, run size=00000008 bytes, compression=zero_init
	.data: load addr=00001188, load size=00000007 bytes, run addr=20000208, run size=00000005 bytes, compression=lzss


LINKER GENERATED HANDLER TABLE

__TI_handler_table @ 00001170 records: 3, size/record: 4, table size: 12
	index: 0, handler: __TI_decompress_lzss
	index: 1, handler: __TI_decompress_none
	index: 2, handler: __TI_zero_init


GLOBAL SYMBOLS: SORTED ALPHABETICALLY BY Name 

address   name                          
-------   ----                          
0000102d  C$$EXIT                       
00000fdb  CPUcpsie                      
00000ef5  GPIODirModeSet                
00000859  GPIOPadConfigSet              
00000d3d  GPIOPinConfigure              
00000f5d  GPIOPinTypeGPIOOutput         
00000f77  GPIOPinTypeUART               
00001019  GPIOPinWrite                  
00000c6d  IntEnable                     
00000fa1  IntMasterEnable               
00000fe7  ResetISR                      
000009c5  SysCtlClockGet                
00000add  SysCtlClockSet                
0000101f  SysCtlDelay                   
00000e8d  SysCtlPeripheralEnable        
00000e55  SysCtlPeripheralPresent       
00000ff3  UARTCharGet                   
00000fb1  UARTCharGetNonBlocking        
00000ffd  UARTCharPut                   
00000fbf  UARTCharsAvail                
00000d89  UARTConfigSetExpClk           
00000f21  UARTDisable                   
00000f8d  UARTEnable                    
00001025  UARTIntClear                  
00001011  UARTIntEnable                 
00000703  UARTIntHandler                
00001007  UARTIntStatus                 
0000076b  UARTSend                      
0000026d  UARTStdioConfig               
000003bd  UARTgetc                      
00000303  UARTgets                      
000006df  UARTprintf                    
000003e5  UARTvprintf                   
000002b3  UARTwrite                     
20000200  __STACK_END                   
00000200  __STACK_SIZE                  
20000200  __STACK_TOP                   
00001190  __TI_CINIT_Base               
000011a0  __TI_CINIT_Limit              
00001170  __TI_Handler_Table_Base       
0000117c  __TI_Handler_Table_Limit      
00000dd1  __TI_auto_init_nobinit_nopinit
00000cd5  __TI_decompress_lzss          
00000fcd  __TI_decompress_none          
ffffffff  __TI_pprof_out_hndl           
ffffffff  __TI_prof_data_size           
ffffffff  __TI_prof_data_start          
00000000  __TI_static_base__            
00000f41  __TI_zero_init_nomemset       
00000dcf  __aeabi_idiv0                 
00000dcf  __aeabi_ldiv0                 
00000bd1  __aeabi_memcpy                
00000bd1  __aeabi_memcpy4               
00000bd1  __aeabi_memcpy8               
00000e15  __aeabi_uidiv                 
00000e15  __aeabi_uidivmod              
ffffffff  __binit__                     
ffffffff  __c_args__                    
UNDEFED   __mpu_init                    
20000000  __stack                       
00000ec1  _c_int00_noargs               
UNDEFED   _system_post_cinit            
00001029  _system_pre_init              
0000102d  abort                         
ffffffff  binit                         
20000200  cnt                           
00000000  g_pfnVectors                  
00000797  main                          
00000bd1  memcpy                        
20000204  str                           


GLOBAL SYMBOLS: SORTED BY Symbol Address 

address   name                          
-------   ----                          
00000000  __TI_static_base__            
00000000  g_pfnVectors                  
00000200  __STACK_SIZE                  
0000026d  UARTStdioConfig               
000002b3  UARTwrite                     
00000303  UARTgets                      
000003bd  UARTgetc                      
000003e5  UARTvprintf                   
000006df  UARTprintf                    
00000703  UARTIntHandler                
0000076b  UARTSend                      
00000797  main                          
00000859  GPIOPadConfigSet              
000009c5  SysCtlClockGet                
00000add  SysCtlClockSet                
00000bd1  __aeabi_memcpy                
00000bd1  __aeabi_memcpy4               
00000bd1  __aeabi_memcpy8               
00000bd1  memcpy                        
00000c6d  IntEnable                     
00000cd5  __TI_decompress_lzss          
00000d3d  GPIOPinConfigure              
00000d89  UARTConfigSetExpClk           
00000dcf  __aeabi_idiv0                 
00000dcf  __aeabi_ldiv0                 
00000dd1  __TI_auto_init_nobinit_nopinit
00000e15  __aeabi_uidiv                 
00000e15  __aeabi_uidivmod              
00000e55  SysCtlPeripheralPresent       
00000e8d  SysCtlPeripheralEnable        
00000ec1  _c_int00_noargs               
00000ef5  GPIODirModeSet                
00000f21  UARTDisable                   
00000f41  __TI_zero_init_nomemset       
00000f5d  GPIOPinTypeGPIOOutput         
00000f77  GPIOPinTypeUART               
00000f8d  UARTEnable                    
00000fa1  IntMasterEnable               
00000fb1  UARTCharGetNonBlocking        
00000fbf  UARTCharsAvail                
00000fcd  __TI_decompress_none          
00000fdb  CPUcpsie                      
00000fe7  ResetISR                      
00000ff3  UARTCharGet                   
00000ffd  UARTCharPut                   
00001007  UARTIntStatus                 
00001011  UARTIntEnable                 
00001019  GPIOPinWrite                  
0000101f  SysCtlDelay                   
00001025  UARTIntClear                  
00001029  _system_pre_init              
0000102d  C$$EXIT                       
0000102d  abort                         
00001170  __TI_Handler_Table_Base       
0000117c  __TI_Handler_Table_Limit      
00001190  __TI_CINIT_Base               
000011a0  __TI_CINIT_Limit              
20000000  __stack                       
20000200  __STACK_END                   
20000200  __STACK_TOP                   
20000200  cnt                           
20000204  str                           
ffffffff  __TI_pprof_out_hndl           
ffffffff  __TI_prof_data_size           
ffffffff  __TI_prof_data_start          
ffffffff  __binit__                     
ffffffff  __c_args__                    
ffffffff  binit                         
UNDEFED   __mpu_init                    
UNDEFED   _system_post_cinit            

[70 symbols]
